range-loop-detach/main_cpp17.cpp:9:10: warning: c++11 range-loop might detach Qt container (QStringList) [-Wclazy-range-loop-detach]
