qstring-arg/main.cpp:27:10: warning: Use multi-arg instead [-Wclazy-qstring-arg]
qstring-arg/main.cpp:29:5: warning: Use multi-arg instead [-Wclazy-qstring-arg]
qstring-arg/main.cpp:31:5: warning: Use multi-arg instead [-Wclazy-qstring-arg]
