main.cpp:34:5: warning: Call to temporary is a no-op: QSize::transpose [-Wclazy-writing-to-temporary]
