qfileinfo-exists/main.cpp:5:9: warning: Use the static QFileInfo::exists() instead [-Wclazy-qfileinfo-exists]
