incorrect-emit/main.cpp:37:11: warning: Emit keyword being used with non-signal MyObject::prot [-Wclazy-incorrect-emit]
incorrect-emit/main.cpp:38:5: warning: Missing emit keyword on signal call MyObject::sig; main.cpp [-Wclazy-incorrect-emit]
incorrect-emit/main.cpp:43:12: warning: Emit keyword being used with non-signal MyObject::privSlot [-Wclazy-incorrect-emit]
incorrect-emit/main.cpp:45:5: warning: Missing emit keyword on signal call MyObject::sig; main.cpp [-Wclazy-incorrect-emit]
incorrect-emit/main.cpp:47:5: warning: Missing emit keyword on signal call MyObject::sig; main.cpp [-Wclazy-incorrect-emit]
