clazy/werror2.cpp:12:14: warning: Missing reference in foreach with sizeof(T) = 20 bytes (struct BigTrivial) [-Wclazy-foreach]
