qstring-uneeded-heap-allocations/no-msvc-compat.cpp:4:29: warning: QString(const char*) being called [-Wclazy-qstring-uneeded-heap-allocations]
qstring-uneeded-heap-allocations/no-msvc-compat.cpp:8:17: warning: QString(const char*) being called [-Wclazy-qstring-uneeded-heap-allocations]
