#include <QtCore/QString>
#include <QtCore/QStringList>

static QStringList list = { QStringLiteral("foo") };

void test()
{
    QString s = QStringLiteral("foo");
}
