clazy-standalone/header_filter_foo.h:5:5: warning: Use QDateTime::currentSecsSinceEpoch() instead. It is significantly faster [-Wclazy-qdatetime-utc]
clazy-standalone/header_filter2.cpp:6:5: warning: Use QDateTime::currentSecsSinceEpoch() instead. It is significantly faster [-Wclazy-qdatetime-utc]
