non-pod-global-static/foo.cpp:23:1: warning: non-POD static (NonPod) [-Wclazy-non-pod-global-static]
