main.cpp:27:5: warning: Missing Q_DECLARE_TYPEINFO: B [-Wmore-warnings-missing-typeinfo]
main.cpp:14:1: warning: Type declared here:
main.cpp:29:5: warning: Missing Q_DECLARE_TYPEINFO: B [-Wmore-warnings-missing-typeinfo]
main.cpp:14:1: warning: Type declared here:
