main.cpp:8:15: warning: Use midRef() instead [-Wclazy-qstring-ref]
